SQL> 
SQL> REM COMPANY PAYS ON 2nd TUESDAY OF NEXT MONTH
SQL> 
SQL> REM FIND FIRST SALARY DATE
SQL> 
SQL> ALTER SESSION SET NLS_DATE_FORMAT = 'DD-MONTH-RRRR DAY';

Session altered.

SQL> 
SQL> SELECT FIRST_NAME , HIRE_DATE , NEXT_DAY(LAST_DAY(HIRE_DATE),'TUE')+7 FSD FROM EMPLOYEES;

FIRST_NAME      HIRE_DATE                   FSD                                 
--------------- --------------------------- ---------------------------         
Steven          17-JULY     -1987 FRIDAY    11-AUGUST   -1987 TUESDAY           
Neena           21-SEPTEMBER-1989 THURSDAY  10-OCTOBER  -1989 TUESDAY           
Lex             13-JANUARY  -1993 WEDNESDAY 09-FEBRUARY -1993 TUESDAY           
Alexander       03-JANUARY  -1990 WEDNESDAY 13-FEBRUARY -1990 TUESDAY           
Bruce           21-MAY      -1991 TUESDAY   11-JUNE     -1991 TUESDAY           
Diana           07-FEBRUARY -1999 SUNDAY    09-MARCH    -1999 TUESDAY           
Kevin           16-NOVEMBER -1999 TUESDAY   14-DECEMBER -1999 TUESDAY           
Trenna          17-OCTOBER  -1995 TUESDAY   14-NOVEMBER -1995 TUESDAY           
Curtis          29-JANUARY  -1997 WEDNESDAY 11-FEBRUARY -1997 TUESDAY           
Randall         15-MARCH    -1998 SUNDAY    14-APRIL    -1998 TUESDAY           
Peter           09-JULY     -1998 THURSDAY  11-AUGUST   -1998 TUESDAY           

FIRST_NAME      HIRE_DATE                   FSD                                 
--------------- --------------------------- ---------------------------         
Eleni           29-JANUARY  -2000 SATURDAY  08-FEBRUARY -2000 TUESDAY           
Ellen           11-MAY      -1996 SATURDAY  11-JUNE     -1996 TUESDAY           
Jonathon        24-MARCH    -1998 TUESDAY   14-APRIL    -1998 TUESDAY           
Kimerely        24-MAY      -1999 MONDAY    08-JUNE     -1999 TUESDAY           
Jennifer        17-SEPTEMBER-1987 THURSDAY  13-OCTOBER  -1987 TUESDAY           
Michael         17-FEBRUARY -1996 SATURDAY  12-MARCH    -1996 TUESDAY           
Pat             17-AUGUST   -1997 SUNDAY    09-SEPTEMBER-1997 TUESDAY           
Shelley         07-JUNE     -1994 TUESDAY   12-JULY     -1994 TUESDAY           
William         07-JUNE     -1994 TUESDAY   12-JULY     -1994 TUESDAY           

20 rows selected.

SQL> SET LINES 20 PAGES 24
SQL> 
SQL> R
  1* SELECT FIRST_NAME , HIRE_DATE , NEXT_DAY(LAST_DAY(HIRE_DATE),'TUE')+7 FSD FROM EMPLOYEES

FIRST_NAME          
---------------     
HIRE_DATE           
--------------------
FSD                 
--------------------
Steven              
17-JULY     -1987 FR
IDAY                
11-AUGUST   -1987 TU
ESDAY               
                    
Neena               
21-SEPTEMBER-1989 TH
URSDAY              
10-OCTOBER  -1989 TU
ESDAY               
                    
Lex                 
13-JANUARY  -1993 WE
DNESDAY             
09-FEBRUARY -1993 TU
ESDAY               

FIRST_NAME          
---------------     
HIRE_DATE           
--------------------
FSD                 
--------------------
                    
Alexander           
03-JANUARY  -1990 WE
DNESDAY             
13-FEBRUARY -1990 TU
ESDAY               
                    
Bruce               
21-MAY      -1991 TU
ESDAY               
11-JUNE     -1991 TU
ESDAY               
                    
Diana               
07-FEBRUARY -1999 SU
NDAY                
09-MARCH    -1999 TU

FIRST_NAME          
---------------     
HIRE_DATE           
--------------------
FSD                 
--------------------
ESDAY               
                    
Kevin               
16-NOVEMBER -1999 TU
ESDAY               
14-DECEMBER -1999 TU
ESDAY               
                    
Trenna              
17-OCTOBER  -1995 TU
ESDAY               
14-NOVEMBER -1995 TU
ESDAY               
                    
Curtis              
29-JANUARY  -1997 WE
DNESDAY             

FIRST_NAME          
---------------     
HIRE_DATE           
--------------------
FSD                 
--------------------
11-FEBRUARY -1997 TU
ESDAY               
                    
Randall             
15-MARCH    -1998 SU
NDAY                
14-APRIL    -1998 TU
ESDAY               
                    
Peter               
09-JULY     -1998 TH
URSDAY              
11-AUGUST   -1998 TU
ESDAY               
                    
Eleni               
29-JANUARY  -2000 SA

FIRST_NAME          
---------------     
HIRE_DATE           
--------------------
FSD                 
--------------------
TURDAY              
08-FEBRUARY -2000 TU
ESDAY               
                    
Ellen               
11-MAY      -1996 SA
TURDAY              
11-JUNE     -1996 TU
ESDAY               
                    
Jonathon            
24-MARCH    -1998 TU
ESDAY               
14-APRIL    -1998 TU
ESDAY               
                    
Kimerely            

FIRST_NAME          
---------------     
HIRE_DATE           
--------------------
FSD                 
--------------------
24-MAY      -1999 MO
NDAY                
08-JUNE     -1999 TU
ESDAY               
                    
Jennifer            
17-SEPTEMBER-1987 TH
URSDAY              
13-OCTOBER  -1987 TU
ESDAY               
                    
Michael             
17-FEBRUARY -1996 SA
TURDAY              
12-MARCH    -1996 TU
ESDAY               
                    

FIRST_NAME          
---------------     
HIRE_DATE           
--------------------
FSD                 
--------------------
Pat                 
17-AUGUST   -1997 SU
NDAY                
09-SEPTEMBER-1997 TU
ESDAY               
                    
Shelley             
07-JUNE     -1994 TU
ESDAY               
12-JULY     -1994 TU
ESDAY               
                    
William             
07-JUNE     -1994 TU
ESDAY               
12-JULY     -1994 TU
ESDAY               

FIRST_NAME          
---------------     
HIRE_DATE           
--------------------
FSD                 
--------------------
                    

20 rows selected.

SQL> SET LINES 200 PAGES 24
SQL> 
SQL> R
  1* SELECT FIRST_NAME , HIRE_DATE , NEXT_DAY(LAST_DAY(HIRE_DATE),'TUE')+7 FSD FROM EMPLOYEES

FIRST_NAME      HIRE_DATE                   FSD                                                                                                                                                         
--------------- --------------------------- ---------------------------                                                                                                                                 
Steven          17-JULY     -1987 FRIDAY    11-AUGUST   -1987 TUESDAY                                                                                                                                   
Neena           21-SEPTEMBER-1989 THURSDAY  10-OCTOBER  -1989 TUESDAY                                                                                                                                   
Lex             13-JANUARY  -1993 WEDNESDAY 09-FEBRUARY -1993 TUESDAY                                                                                                                                   
Alexander       03-JANUARY  -1990 WEDNESDAY 13-FEBRUARY -1990 TUESDAY                                                                                                                                   
Bruce           21-MAY      -1991 TUESDAY   11-JUNE     -1991 TUESDAY                                                                                                                                   
Diana           07-FEBRUARY -1999 SUNDAY    09-MARCH    -1999 TUESDAY                                                                                                                                   
Kevin           16-NOVEMBER -1999 TUESDAY   14-DECEMBER -1999 TUESDAY                                                                                                                                   
Trenna          17-OCTOBER  -1995 TUESDAY   14-NOVEMBER -1995 TUESDAY                                                                                                                                   
Curtis          29-JANUARY  -1997 WEDNESDAY 11-FEBRUARY -1997 TUESDAY                                                                                                                                   
Randall         15-MARCH    -1998 SUNDAY    14-APRIL    -1998 TUESDAY                                                                                                                                   
Peter           09-JULY     -1998 THURSDAY  11-AUGUST   -1998 TUESDAY                                                                                                                                   
Eleni           29-JANUARY  -2000 SATURDAY  08-FEBRUARY -2000 TUESDAY                                                                                                                                   
Ellen           11-MAY      -1996 SATURDAY  11-JUNE     -1996 TUESDAY                                                                                                                                   
Jonathon        24-MARCH    -1998 TUESDAY   14-APRIL    -1998 TUESDAY                                                                                                                                   
Kimerely        24-MAY      -1999 MONDAY    08-JUNE     -1999 TUESDAY                                                                                                                                   
Jennifer        17-SEPTEMBER-1987 THURSDAY  13-OCTOBER  -1987 TUESDAY                                                                                                                                   
Michael         17-FEBRUARY -1996 SATURDAY  12-MARCH    -1996 TUESDAY                                                                                                                                   
Pat             17-AUGUST   -1997 SUNDAY    09-SEPTEMBER-1997 TUESDAY                                                                                                                                   
Shelley         07-JUNE     -1994 TUESDAY   12-JULY     -1994 TUESDAY                                                                                                                                   
William         07-JUNE     -1994 TUESDAY   12-JULY     -1994 TUESDAY                                                                                                                                   

20 rows selected.

SQL> REM COMPANY PAYS OF 3rd FRIDAY OF NEXT MONTH
SQL> 
SQL> REM FIND FIRST SALARY DATE
SQL> 
SQL> SELECT FIRST_NAME , HIRE_DATE , NEXT_DAY(LAST_DAY(HIRE_DATE),'FRI')+14 FSD FROM EMPLOYEES;

FIRST_NAME      HIRE_DATE                   FSD                                                                                                                                                         
--------------- --------------------------- ---------------------------                                                                                                                                 
Steven          17-JULY     -1987 FRIDAY    21-AUGUST   -1987 FRIDAY                                                                                                                                    
Neena           21-SEPTEMBER-1989 THURSDAY  20-OCTOBER  -1989 FRIDAY                                                                                                                                    
Lex             13-JANUARY  -1993 WEDNESDAY 19-FEBRUARY -1993 FRIDAY                                                                                                                                    
Alexander       03-JANUARY  -1990 WEDNESDAY 16-FEBRUARY -1990 FRIDAY                                                                                                                                    
Bruce           21-MAY      -1991 TUESDAY   21-JUNE     -1991 FRIDAY                                                                                                                                    
Diana           07-FEBRUARY -1999 SUNDAY    19-MARCH    -1999 FRIDAY                                                                                                                                    
Kevin           16-NOVEMBER -1999 TUESDAY   17-DECEMBER -1999 FRIDAY                                                                                                                                    
Trenna          17-OCTOBER  -1995 TUESDAY   17-NOVEMBER -1995 FRIDAY                                                                                                                                    
Curtis          29-JANUARY  -1997 WEDNESDAY 21-FEBRUARY -1997 FRIDAY                                                                                                                                    
Randall         15-MARCH    -1998 SUNDAY    17-APRIL    -1998 FRIDAY                                                                                                                                    
Peter           09-JULY     -1998 THURSDAY  21-AUGUST   -1998 FRIDAY                                                                                                                                    
Eleni           29-JANUARY  -2000 SATURDAY  18-FEBRUARY -2000 FRIDAY                                                                                                                                    
Ellen           11-MAY      -1996 SATURDAY  21-JUNE     -1996 FRIDAY                                                                                                                                    
Jonathon        24-MARCH    -1998 TUESDAY   17-APRIL    -1998 FRIDAY                                                                                                                                    
Kimerely        24-MAY      -1999 MONDAY    18-JUNE     -1999 FRIDAY                                                                                                                                    
Jennifer        17-SEPTEMBER-1987 THURSDAY  16-OCTOBER  -1987 FRIDAY                                                                                                                                    
Michael         17-FEBRUARY -1996 SATURDAY  15-MARCH    -1996 FRIDAY                                                                                                                                    
Pat             17-AUGUST   -1997 SUNDAY    19-SEPTEMBER-1997 FRIDAY                                                                                                                                    
Shelley         07-JUNE     -1994 TUESDAY   15-JULY     -1994 FRIDAY                                                                                                                                    
William         07-JUNE     -1994 TUESDAY   15-JULY     -1994 FRIDAY                                                                                                                                    

20 rows selected.

SQL> REM COMPANY PAYS OF 3rd FRIDAY OF NEXT MONTH
SQL> 
SQL> REM FIND 3rd SALARY DATE
SQL> 
SQL> SELECT HIRE_DATE , NEXT_DAY( LAST_DAY(ADD_MONTHS(HIRE_DATE,2))+14,'FRI') FROM EMPLOYEES;\
  2  
SQL> SELECT HIRE_DATE , NEXT_DAY( LAST_DAY(ADD_MONTHS(HIRE_DATE,2))+14,'FRI') FROM EMPLOYEES;

HIRE_DATE                   NEXT_DAY(LAST_DAY(ADD_MONTH                                                                                                                                                 
--------------------------- ---------------------------                                                                                                                                                 
17-JULY     -1987 FRIDAY    16-OCTOBER  -1987 FRIDAY                                                                                                                                                    
21-SEPTEMBER-1989 THURSDAY  15-DECEMBER -1989 FRIDAY                                                                                                                                                    
13-JANUARY  -1993 WEDNESDAY 16-APRIL    -1993 FRIDAY                                                                                                                                                    
03-JANUARY  -1990 WEDNESDAY 20-APRIL    -1990 FRIDAY                                                                                                                                                    
21-MAY      -1991 TUESDAY   16-AUGUST   -1991 FRIDAY                                                                                                                                                    
07-FEBRUARY -1999 SUNDAY    21-MAY      -1999 FRIDAY                                                                                                                                                    
16-NOVEMBER -1999 TUESDAY   18-FEBRUARY -2000 FRIDAY                                                                                                                                                    
17-OCTOBER  -1995 TUESDAY   19-JANUARY  -1996 FRIDAY                                                                                                                                                    
29-JANUARY  -1997 WEDNESDAY 18-APRIL    -1997 FRIDAY                                                                                                                                                    
15-MARCH    -1998 SUNDAY    19-JUNE     -1998 FRIDAY                                                                                                                                                    
09-JULY     -1998 THURSDAY  16-OCTOBER  -1998 FRIDAY                                                                                                                                                    
29-JANUARY  -2000 SATURDAY  21-APRIL    -2000 FRIDAY                                                                                                                                                    
11-MAY      -1996 SATURDAY  16-AUGUST   -1996 FRIDAY                                                                                                                                                    
24-MARCH    -1998 TUESDAY   19-JUNE     -1998 FRIDAY                                                                                                                                                    
24-MAY      -1999 MONDAY    20-AUGUST   -1999 FRIDAY                                                                                                                                                    
17-SEPTEMBER-1987 THURSDAY  18-DECEMBER -1987 FRIDAY                                                                                                                                                    
17-FEBRUARY -1996 SATURDAY  17-MAY      -1996 FRIDAY                                                                                                                                                    
17-AUGUST   -1997 SUNDAY    21-NOVEMBER -1997 FRIDAY                                                                                                                                                    
07-JUNE     -1994 TUESDAY   16-SEPTEMBER-1994 FRIDAY                                                                                                                                                    
07-JUNE     -1994 TUESDAY   16-SEPTEMBER-1994 FRIDAY                                                                                                                                                    

20 rows selected.

SQL> SELECT FIRST_NAME,HIRE_DATE, NEXT_DAY(LAST_DAY(ADD_MONTHS(SYSDATE,3),1)+14 FROM EMPLOYEES;
SELECT FIRST_NAME,HIRE_DATE, NEXT_DAY(LAST_DAY(ADD_MONTHS(SYSDATE,3),1)+14 FROM EMPLOYEES
                                      *
ERROR at line 1:
ORA-00909: invalid number of arguments 


SQL> SELECT HIRE_DATE, ADD_MONTHS(NEXT_DAY(LAST_DAY(HIRE_DATE), 'FRI') + 14,2) 3RDSD FROM EMPLOYEES;
SELECT HIRE_DATE, ADD_MONTHS(NEXT_DAY(LAST_DAY(HIRE_DATE), 'FRI') + 14,2) 3RDSD FROM EMPLOYEES
                                                                          *
ERROR at line 1:
ORA-00923: FROM keyword not found where expected 


SQL> SELECT HIRE_DATE, ADD_MONTHS(NEXT_DAY(LAST_DAY(HIRE_DATE), 'FRI') + 14,2) "3RDSD" FROM EMPLOYEES;

HIRE_DATE                   3RDSD                                                                                                                                                                       
--------------------------- ---------------------------                                                                                                                                                 
17-JULY     -1987 FRIDAY    21-OCTOBER  -1987 WEDNESDAY                                                                                                                                                 
21-SEPTEMBER-1989 THURSDAY  20-DECEMBER -1989 WEDNESDAY                                                                                                                                                 
13-JANUARY  -1993 WEDNESDAY 19-APRIL    -1993 MONDAY                                                                                                                                                    
03-JANUARY  -1990 WEDNESDAY 16-APRIL    -1990 MONDAY                                                                                                                                                    
21-MAY      -1991 TUESDAY   21-AUGUST   -1991 WEDNESDAY                                                                                                                                                 
07-FEBRUARY -1999 SUNDAY    19-MAY      -1999 WEDNESDAY                                                                                                                                                 
16-NOVEMBER -1999 TUESDAY   17-FEBRUARY -2000 THURSDAY                                                                                                                                                  
17-OCTOBER  -1995 TUESDAY   17-JANUARY  -1996 WEDNESDAY                                                                                                                                                 
29-JANUARY  -1997 WEDNESDAY 21-APRIL    -1997 MONDAY                                                                                                                                                    
15-MARCH    -1998 SUNDAY    17-JUNE     -1998 WEDNESDAY                                                                                                                                                 
09-JULY     -1998 THURSDAY  21-OCTOBER  -1998 WEDNESDAY                                                                                                                                                 
29-JANUARY  -2000 SATURDAY  18-APRIL    -2000 TUESDAY                                                                                                                                                   
11-MAY      -1996 SATURDAY  21-AUGUST   -1996 WEDNESDAY                                                                                                                                                 
24-MARCH    -1998 TUESDAY   17-JUNE     -1998 WEDNESDAY                                                                                                                                                 
24-MAY      -1999 MONDAY    18-AUGUST   -1999 WEDNESDAY                                                                                                                                                 
17-SEPTEMBER-1987 THURSDAY  16-DECEMBER -1987 WEDNESDAY                                                                                                                                                 
17-FEBRUARY -1996 SATURDAY  15-MAY      -1996 WEDNESDAY                                                                                                                                                 
17-AUGUST   -1997 SUNDAY    19-NOVEMBER -1997 WEDNESDAY                                                                                                                                                 
07-JUNE     -1994 TUESDAY   15-SEPTEMBER-1994 THURSDAY                                                                                                                                                  
07-JUNE     -1994 TUESDAY   15-SEPTEMBER-1994 THURSDAY                                                                                                                                                  

20 rows selected.

SQL> SELECT FIRST_NAME , NEXT_DAY(ADD_MONTHS(LAST_DAY(HIRE_DATE),2),'FRI')+14 "3rdSalDt" FROM EMPLOYEES;

FIRST_NAME      3rdSalDt                                                                                                                                                                                
--------------- ---------------------------                                                                                                                                                             
Steven          16-OCTOBER  -1987 FRIDAY                                                                                                                                                                
Neena           15-DECEMBER -1989 FRIDAY                                                                                                                                                                
Lex             16-APRIL    -1993 FRIDAY                                                                                                                                                                
Alexander       20-APRIL    -1990 FRIDAY                                                                                                                                                                
Bruce           16-AUGUST   -1991 FRIDAY                                                                                                                                                                
Diana           21-MAY      -1999 FRIDAY                                                                                                                                                                
Kevin           18-FEBRUARY -2000 FRIDAY                                                                                                                                                                
Trenna          19-JANUARY  -1996 FRIDAY                                                                                                                                                                
Curtis          18-APRIL    -1997 FRIDAY                                                                                                                                                                
Randall         19-JUNE     -1998 FRIDAY                                                                                                                                                                
Peter           16-OCTOBER  -1998 FRIDAY                                                                                                                                                                
Eleni           21-APRIL    -2000 FRIDAY                                                                                                                                                                
Ellen           16-AUGUST   -1996 FRIDAY                                                                                                                                                                
Jonathon        19-JUNE     -1998 FRIDAY                                                                                                                                                                
Kimerely        20-AUGUST   -1999 FRIDAY                                                                                                                                                                
Jennifer        18-DECEMBER -1987 FRIDAY                                                                                                                                                                
Michael         17-MAY      -1996 FRIDAY                                                                                                                                                                
Pat             21-NOVEMBER -1997 FRIDAY                                                                                                                                                                
Shelley         16-SEPTEMBER-1994 FRIDAY                                                                                                                                                                
William         16-SEPTEMBER-1994 FRIDAY                                                                                                                                                                

20 rows selected.

SQL> SELECT FIRST_NAME , HIRE_DATE , NEXT_DAY(ADD_MONTHS(LAST_DAY(HIRE_DATE),2),'FRI')+14 "3rdSalDt" FROM EMPLOYEES;

FIRST_NAME      HIRE_DATE                   3rdSalDt                                                                                                                                                    
--------------- --------------------------- ---------------------------                                                                                                                                 
Steven          17-JULY     -1987 FRIDAY    16-OCTOBER  -1987 FRIDAY                                                                                                                                    
Neena           21-SEPTEMBER-1989 THURSDAY  15-DECEMBER -1989 FRIDAY                                                                                                                                    
Lex             13-JANUARY  -1993 WEDNESDAY 16-APRIL    -1993 FRIDAY                                                                                                                                    
Alexander       03-JANUARY  -1990 WEDNESDAY 20-APRIL    -1990 FRIDAY                                                                                                                                    
Bruce           21-MAY      -1991 TUESDAY   16-AUGUST   -1991 FRIDAY                                                                                                                                    
Diana           07-FEBRUARY -1999 SUNDAY    21-MAY      -1999 FRIDAY                                                                                                                                    
Kevin           16-NOVEMBER -1999 TUESDAY   18-FEBRUARY -2000 FRIDAY                                                                                                                                    
Trenna          17-OCTOBER  -1995 TUESDAY   19-JANUARY  -1996 FRIDAY                                                                                                                                    
Curtis          29-JANUARY  -1997 WEDNESDAY 18-APRIL    -1997 FRIDAY                                                                                                                                    
Randall         15-MARCH    -1998 SUNDAY    19-JUNE     -1998 FRIDAY                                                                                                                                    
Peter           09-JULY     -1998 THURSDAY  16-OCTOBER  -1998 FRIDAY                                                                                                                                    
Eleni           29-JANUARY  -2000 SATURDAY  21-APRIL    -2000 FRIDAY                                                                                                                                    
Ellen           11-MAY      -1996 SATURDAY  16-AUGUST   -1996 FRIDAY                                                                                                                                    
Jonathon        24-MARCH    -1998 TUESDAY   19-JUNE     -1998 FRIDAY                                                                                                                                    
Kimerely        24-MAY      -1999 MONDAY    20-AUGUST   -1999 FRIDAY                                                                                                                                    
Jennifer        17-SEPTEMBER-1987 THURSDAY  18-DECEMBER -1987 FRIDAY                                                                                                                                    
Michael         17-FEBRUARY -1996 SATURDAY  17-MAY      -1996 FRIDAY                                                                                                                                    
Pat             17-AUGUST   -1997 SUNDAY    21-NOVEMBER -1997 FRIDAY                                                                                                                                    
Shelley         07-JUNE     -1994 TUESDAY   16-SEPTEMBER-1994 FRIDAY                                                                                                                                    
William         07-JUNE     -1994 TUESDAY   16-SEPTEMBER-1994 FRIDAY                                                                                                                                    

20 rows selected.

SQL> SELECT FIRST_NAME , HIRE_DATE , NEXT_DAY(LAST_DAY(ADD_MONTHS(HIRE_DATE,2)),'FRI')+14 "3rdSalDt" FROM EMPLOYEES;

FIRST_NAME      HIRE_DATE                   3rdSalDt                                                                                                                                                    
--------------- --------------------------- ---------------------------                                                                                                                                 
Steven          17-JULY     -1987 FRIDAY    16-OCTOBER  -1987 FRIDAY                                                                                                                                    
Neena           21-SEPTEMBER-1989 THURSDAY  15-DECEMBER -1989 FRIDAY                                                                                                                                    
Lex             13-JANUARY  -1993 WEDNESDAY 16-APRIL    -1993 FRIDAY                                                                                                                                    
Alexander       03-JANUARY  -1990 WEDNESDAY 20-APRIL    -1990 FRIDAY                                                                                                                                    
Bruce           21-MAY      -1991 TUESDAY   16-AUGUST   -1991 FRIDAY                                                                                                                                    
Diana           07-FEBRUARY -1999 SUNDAY    21-MAY      -1999 FRIDAY                                                                                                                                    
Kevin           16-NOVEMBER -1999 TUESDAY   18-FEBRUARY -2000 FRIDAY                                                                                                                                    
Trenna          17-OCTOBER  -1995 TUESDAY   19-JANUARY  -1996 FRIDAY                                                                                                                                    
Curtis          29-JANUARY  -1997 WEDNESDAY 18-APRIL    -1997 FRIDAY                                                                                                                                    
Randall         15-MARCH    -1998 SUNDAY    19-JUNE     -1998 FRIDAY                                                                                                                                    
Peter           09-JULY     -1998 THURSDAY  16-OCTOBER  -1998 FRIDAY                                                                                                                                    
Eleni           29-JANUARY  -2000 SATURDAY  21-APRIL    -2000 FRIDAY                                                                                                                                    
Ellen           11-MAY      -1996 SATURDAY  16-AUGUST   -1996 FRIDAY                                                                                                                                    
Jonathon        24-MARCH    -1998 TUESDAY   19-JUNE     -1998 FRIDAY                                                                                                                                    
Kimerely        24-MAY      -1999 MONDAY    20-AUGUST   -1999 FRIDAY                                                                                                                                    
Jennifer        17-SEPTEMBER-1987 THURSDAY  18-DECEMBER -1987 FRIDAY                                                                                                                                    
Michael         17-FEBRUARY -1996 SATURDAY  17-MAY      -1996 FRIDAY                                                                                                                                    
Pat             17-AUGUST   -1997 SUNDAY    21-NOVEMBER -1997 FRIDAY                                                                                                                                    
Shelley         07-JUNE     -1994 TUESDAY   16-SEPTEMBER-1994 FRIDAY                                                                                                                                    
William         07-JUNE     -1994 TUESDAY   16-SEPTEMBER-1994 FRIDAY                                                                                                                                    

20 rows selected.

SQL> REM COMPANY PAYS ON 4th Saturday OF NEXT MONTH
SQL> 
SQL> REM FIND 2nd SALARY DATE
SQL> 
SQL> SELECT HIRE_DATE, ADD_MONTHS(NEXT_DAY(LAST_DAY(HIRE_DATE),'SAT') + 4,2) FROM EMPLOYEES;

HIRE_DATE                   ADD_MONTHS(NEXT_DAY(LAST_DA                                                                                                                                                 
--------------------------- ---------------------------                                                                                                                                                 
17-JULY     -1987 FRIDAY    05-OCTOBER  -1987 MONDAY                                                                                                                                                    
21-SEPTEMBER-1989 THURSDAY  11-DECEMBER -1989 MONDAY                                                                                                                                                    
13-JANUARY  -1993 WEDNESDAY 10-APRIL    -1993 SATURDAY                                                                                                                                                  
03-JANUARY  -1990 WEDNESDAY 07-APRIL    -1990 SATURDAY                                                                                                                                                  
21-MAY      -1991 TUESDAY   05-AUGUST   -1991 MONDAY                                                                                                                                                    
07-FEBRUARY -1999 SUNDAY    10-MAY      -1999 MONDAY                                                                                                                                                    
16-NOVEMBER -1999 TUESDAY   08-FEBRUARY -2000 TUESDAY                                                                                                                                                   
17-OCTOBER  -1995 TUESDAY   08-JANUARY  -1996 MONDAY                                                                                                                                                    
29-JANUARY  -1997 WEDNESDAY 05-APRIL    -1997 SATURDAY                                                                                                                                                  
15-MARCH    -1998 SUNDAY    08-JUNE     -1998 MONDAY                                                                                                                                                    
09-JULY     -1998 THURSDAY  05-OCTOBER  -1998 MONDAY                                                                                                                                                    
29-JANUARY  -2000 SATURDAY  09-APRIL    -2000 SUNDAY                                                                                                                                                    
11-MAY      -1996 SATURDAY  05-AUGUST   -1996 MONDAY                                                                                                                                                    
24-MARCH    -1998 TUESDAY   08-JUNE     -1998 MONDAY                                                                                                                                                    
24-MAY      -1999 MONDAY    09-AUGUST   -1999 MONDAY                                                                                                                                                    
17-SEPTEMBER-1987 THURSDAY  07-DECEMBER -1987 MONDAY                                                                                                                                                    
17-FEBRUARY -1996 SATURDAY  06-MAY      -1996 MONDAY                                                                                                                                                    
17-AUGUST   -1997 SUNDAY    10-NOVEMBER -1997 MONDAY                                                                                                                                                    
07-JUNE     -1994 TUESDAY   06-SEPTEMBER-1994 TUESDAY                                                                                                                                                   
07-JUNE     -1994 TUESDAY   06-SEPTEMBER-1994 TUESDAY                                                                                                                                                   

20 rows selected.

SQL> SELECT FIRST_NAME,HIRE_DATE,NEXT_DAY(ADD_MONTHS(LAST_DAY(SYSDATE),1),'SAT')+21 FROM EMPLOYEES;

FIRST_NAME      HIRE_DATE                   NEXT_DAY(ADD_MONTHS(LAST_DA                                                                                                                                 
--------------- --------------------------- ---------------------------                                                                                                                                 
Steven          17-JULY     -1987 FRIDAY    25-JUNE     -2022 SATURDAY                                                                                                                                  
Neena           21-SEPTEMBER-1989 THURSDAY  25-JUNE     -2022 SATURDAY                                                                                                                                  
Lex             13-JANUARY  -1993 WEDNESDAY 25-JUNE     -2022 SATURDAY                                                                                                                                  
Alexander       03-JANUARY  -1990 WEDNESDAY 25-JUNE     -2022 SATURDAY                                                                                                                                  
Bruce           21-MAY      -1991 TUESDAY   25-JUNE     -2022 SATURDAY                                                                                                                                  
Diana           07-FEBRUARY -1999 SUNDAY    25-JUNE     -2022 SATURDAY                                                                                                                                  
Kevin           16-NOVEMBER -1999 TUESDAY   25-JUNE     -2022 SATURDAY                                                                                                                                  
Trenna          17-OCTOBER  -1995 TUESDAY   25-JUNE     -2022 SATURDAY                                                                                                                                  
Curtis          29-JANUARY  -1997 WEDNESDAY 25-JUNE     -2022 SATURDAY                                                                                                                                  
Randall         15-MARCH    -1998 SUNDAY    25-JUNE     -2022 SATURDAY                                                                                                                                  
Peter           09-JULY     -1998 THURSDAY  25-JUNE     -2022 SATURDAY                                                                                                                                  
Eleni           29-JANUARY  -2000 SATURDAY  25-JUNE     -2022 SATURDAY                                                                                                                                  
Ellen           11-MAY      -1996 SATURDAY  25-JUNE     -2022 SATURDAY                                                                                                                                  
Jonathon        24-MARCH    -1998 TUESDAY   25-JUNE     -2022 SATURDAY                                                                                                                                  
Kimerely        24-MAY      -1999 MONDAY    25-JUNE     -2022 SATURDAY                                                                                                                                  
Jennifer        17-SEPTEMBER-1987 THURSDAY  25-JUNE     -2022 SATURDAY                                                                                                                                  
Michael         17-FEBRUARY -1996 SATURDAY  25-JUNE     -2022 SATURDAY                                                                                                                                  
Pat             17-AUGUST   -1997 SUNDAY    25-JUNE     -2022 SATURDAY                                                                                                                                  
Shelley         07-JUNE     -1994 TUESDAY   25-JUNE     -2022 SATURDAY                                                                                                                                  
William         07-JUNE     -1994 TUESDAY   25-JUNE     -2022 SATURDAY                                                                                                                                  

20 rows selected.

SQL> SELECT FIRST_NAME,HIRE_DATE,NEXT_DAY(ADD_MONTHS(LAST_DAY(HIRE_DATE),1),'SAT')+21 FROM EMPLOYEES;

FIRST_NAME      HIRE_DATE                   NEXT_DAY(ADD_MONTHS(LAST_DA                                                                                                                                 
--------------- --------------------------- ---------------------------                                                                                                                                 
Steven          17-JULY     -1987 FRIDAY    26-SEPTEMBER-1987 SATURDAY                                                                                                                                  
Neena           21-SEPTEMBER-1989 THURSDAY  25-NOVEMBER -1989 SATURDAY                                                                                                                                  
Lex             13-JANUARY  -1993 WEDNESDAY 27-MARCH    -1993 SATURDAY                                                                                                                                  
Alexander       03-JANUARY  -1990 WEDNESDAY 24-MARCH    -1990 SATURDAY                                                                                                                                  
Bruce           21-MAY      -1991 TUESDAY   27-JULY     -1991 SATURDAY                                                                                                                                  
Diana           07-FEBRUARY -1999 SUNDAY    24-APRIL    -1999 SATURDAY                                                                                                                                  
Kevin           16-NOVEMBER -1999 TUESDAY   22-JANUARY  -2000 SATURDAY                                                                                                                                  
Trenna          17-OCTOBER  -1995 TUESDAY   23-DECEMBER -1995 SATURDAY                                                                                                                                  
Curtis          29-JANUARY  -1997 WEDNESDAY 22-MARCH    -1997 SATURDAY                                                                                                                                  
Randall         15-MARCH    -1998 SUNDAY    23-MAY      -1998 SATURDAY                                                                                                                                  
Peter           09-JULY     -1998 THURSDAY  26-SEPTEMBER-1998 SATURDAY                                                                                                                                  
Eleni           29-JANUARY  -2000 SATURDAY  25-MARCH    -2000 SATURDAY                                                                                                                                  
Ellen           11-MAY      -1996 SATURDAY  27-JULY     -1996 SATURDAY                                                                                                                                  
Jonathon        24-MARCH    -1998 TUESDAY   23-MAY      -1998 SATURDAY                                                                                                                                  
Kimerely        24-MAY      -1999 MONDAY    24-JULY     -1999 SATURDAY                                                                                                                                  
Jennifer        17-SEPTEMBER-1987 THURSDAY  28-NOVEMBER -1987 SATURDAY                                                                                                                                  
Michael         17-FEBRUARY -1996 SATURDAY  27-APRIL    -1996 SATURDAY                                                                                                                                  
Pat             17-AUGUST   -1997 SUNDAY    25-OCTOBER  -1997 SATURDAY                                                                                                                                  
Shelley         07-JUNE     -1994 TUESDAY   27-AUGUST   -1994 SATURDAY                                                                                                                                  
William         07-JUNE     -1994 TUESDAY   27-AUGUST   -1994 SATURDAY                                                                                                                                  

20 rows selected.

SQL> SELECT HIRE_DATE , NEXT_DAY( LAST_DAY(ADD_MONTHS(HIRE_DATE,1))+21,'SAT') FROM EMPLOYEES;

HIRE_DATE                   NEXT_DAY(LAST_DAY(ADD_MONTH                                                                                                                                                 
--------------------------- ---------------------------                                                                                                                                                 
17-JULY     -1987 FRIDAY    26-SEPTEMBER-1987 SATURDAY                                                                                                                                                  
21-SEPTEMBER-1989 THURSDAY  25-NOVEMBER -1989 SATURDAY                                                                                                                                                  
13-JANUARY  -1993 WEDNESDAY 27-MARCH    -1993 SATURDAY                                                                                                                                                  
03-JANUARY  -1990 WEDNESDAY 24-MARCH    -1990 SATURDAY                                                                                                                                                  
21-MAY      -1991 TUESDAY   27-JULY     -1991 SATURDAY                                                                                                                                                  
07-FEBRUARY -1999 SUNDAY    24-APRIL    -1999 SATURDAY                                                                                                                                                  
16-NOVEMBER -1999 TUESDAY   22-JANUARY  -2000 SATURDAY                                                                                                                                                  
17-OCTOBER  -1995 TUESDAY   23-DECEMBER -1995 SATURDAY                                                                                                                                                  
29-JANUARY  -1997 WEDNESDAY 22-MARCH    -1997 SATURDAY                                                                                                                                                  
15-MARCH    -1998 SUNDAY    23-MAY      -1998 SATURDAY                                                                                                                                                  
09-JULY     -1998 THURSDAY  26-SEPTEMBER-1998 SATURDAY                                                                                                                                                  
29-JANUARY  -2000 SATURDAY  25-MARCH    -2000 SATURDAY                                                                                                                                                  
11-MAY      -1996 SATURDAY  27-JULY     -1996 SATURDAY                                                                                                                                                  
24-MARCH    -1998 TUESDAY   23-MAY      -1998 SATURDAY                                                                                                                                                  
24-MAY      -1999 MONDAY    24-JULY     -1999 SATURDAY                                                                                                                                                  
17-SEPTEMBER-1987 THURSDAY  28-NOVEMBER -1987 SATURDAY                                                                                                                                                  
17-FEBRUARY -1996 SATURDAY  27-APRIL    -1996 SATURDAY                                                                                                                                                  
17-AUGUST   -1997 SUNDAY    25-OCTOBER  -1997 SATURDAY                                                                                                                                                  
07-JUNE     -1994 TUESDAY   27-AUGUST   -1994 SATURDAY                                                                                                                                                  
07-JUNE     -1994 TUESDAY   27-AUGUST   -1994 SATURDAY                                                                                                                                                  

20 rows selected.

SQL> SELECT HIRE_DATE, ADD_MONTHS(NEXT_DAY(LAST_DAY(HIRE_DATE),'SAT'),2) + 4 SALARY FROM EMPLOYEES;

HIRE_DATE                   SALARY                                                                                                                                                                      
--------------------------- ---------------------------                                                                                                                                                 
17-JULY     -1987 FRIDAY    05-OCTOBER  -1987 MONDAY                                                                                                                                                    
21-SEPTEMBER-1989 THURSDAY  11-DECEMBER -1989 MONDAY                                                                                                                                                    
13-JANUARY  -1993 WEDNESDAY 10-APRIL    -1993 SATURDAY                                                                                                                                                  
03-JANUARY  -1990 WEDNESDAY 07-APRIL    -1990 SATURDAY                                                                                                                                                  
21-MAY      -1991 TUESDAY   05-AUGUST   -1991 MONDAY                                                                                                                                                    
07-FEBRUARY -1999 SUNDAY    10-MAY      -1999 MONDAY                                                                                                                                                    
16-NOVEMBER -1999 TUESDAY   08-FEBRUARY -2000 TUESDAY                                                                                                                                                   
17-OCTOBER  -1995 TUESDAY   08-JANUARY  -1996 MONDAY                                                                                                                                                    
29-JANUARY  -1997 WEDNESDAY 05-APRIL    -1997 SATURDAY                                                                                                                                                  
15-MARCH    -1998 SUNDAY    08-JUNE     -1998 MONDAY                                                                                                                                                    
09-JULY     -1998 THURSDAY  05-OCTOBER  -1998 MONDAY                                                                                                                                                    
29-JANUARY  -2000 SATURDAY  09-APRIL    -2000 SUNDAY                                                                                                                                                    
11-MAY      -1996 SATURDAY  05-AUGUST   -1996 MONDAY                                                                                                                                                    
24-MARCH    -1998 TUESDAY   08-JUNE     -1998 MONDAY                                                                                                                                                    
24-MAY      -1999 MONDAY    09-AUGUST   -1999 MONDAY                                                                                                                                                    
17-SEPTEMBER-1987 THURSDAY  07-DECEMBER -1987 MONDAY                                                                                                                                                    
17-FEBRUARY -1996 SATURDAY  06-MAY      -1996 MONDAY                                                                                                                                                    
17-AUGUST   -1997 SUNDAY    10-NOVEMBER -1997 MONDAY                                                                                                                                                    
07-JUNE     -1994 TUESDAY   06-SEPTEMBER-1994 TUESDAY                                                                                                                                                   
07-JUNE     -1994 TUESDAY   06-SEPTEMBER-1994 TUESDAY                                                                                                                                                   

20 rows selected.

SQL> SELECT FIRST_NAME , HIRE_DATE , NEXT_DAY(ADD_MONTHS(LAST_DAY(HIRE_DATE),1),'SAT')+21 "2ndSalDt" FROM EMPLOYEES;

FIRST_NAME      HIRE_DATE                   2ndSalDt                                                                                                                                                    
--------------- --------------------------- ---------------------------                                                                                                                                 
Steven          17-JULY     -1987 FRIDAY    26-SEPTEMBER-1987 SATURDAY                                                                                                                                  
Neena           21-SEPTEMBER-1989 THURSDAY  25-NOVEMBER -1989 SATURDAY                                                                                                                                  
Lex             13-JANUARY  -1993 WEDNESDAY 27-MARCH    -1993 SATURDAY                                                                                                                                  
Alexander       03-JANUARY  -1990 WEDNESDAY 24-MARCH    -1990 SATURDAY                                                                                                                                  
Bruce           21-MAY      -1991 TUESDAY   27-JULY     -1991 SATURDAY                                                                                                                                  
Diana           07-FEBRUARY -1999 SUNDAY    24-APRIL    -1999 SATURDAY                                                                                                                                  
Kevin           16-NOVEMBER -1999 TUESDAY   22-JANUARY  -2000 SATURDAY                                                                                                                                  
Trenna          17-OCTOBER  -1995 TUESDAY   23-DECEMBER -1995 SATURDAY                                                                                                                                  
Curtis          29-JANUARY  -1997 WEDNESDAY 22-MARCH    -1997 SATURDAY                                                                                                                                  
Randall         15-MARCH    -1998 SUNDAY    23-MAY      -1998 SATURDAY                                                                                                                                  
Peter           09-JULY     -1998 THURSDAY  26-SEPTEMBER-1998 SATURDAY                                                                                                                                  
Eleni           29-JANUARY  -2000 SATURDAY  25-MARCH    -2000 SATURDAY                                                                                                                                  
Ellen           11-MAY      -1996 SATURDAY  27-JULY     -1996 SATURDAY                                                                                                                                  
Jonathon        24-MARCH    -1998 TUESDAY   23-MAY      -1998 SATURDAY                                                                                                                                  
Kimerely        24-MAY      -1999 MONDAY    24-JULY     -1999 SATURDAY                                                                                                                                  
Jennifer        17-SEPTEMBER-1987 THURSDAY  28-NOVEMBER -1987 SATURDAY                                                                                                                                  
Michael         17-FEBRUARY -1996 SATURDAY  27-APRIL    -1996 SATURDAY                                                                                                                                  
Pat             17-AUGUST   -1997 SUNDAY    25-OCTOBER  -1997 SATURDAY                                                                                                                                  
Shelley         07-JUNE     -1994 TUESDAY   27-AUGUST   -1994 SATURDAY                                                                                                                                  
William         07-JUNE     -1994 TUESDAY   27-AUGUST   -1994 SATURDAY                                                                                                                                  

20 rows selected.

SQL> REM ALTER SESSION SET NLS_DATE_FORMAT = 'DD-MONTH-RRRR DAY';
SQL> 
SQL> REM COMPANY PAYS ON 2nd Wednesday OF NEXT MONTH
SQL> 
SQL> REM FIND 6th SALARY DATE
SQL> 
SQL> SELECT FIRST_NAME,HIRE_DATE,NEXT_DAY(ADD_MONTHS(LAST_DAY(HIRE_DATE),1),'WED')+35 FROM EMPLOYEES;

FIRST_NAME      HIRE_DATE                   NEXT_DAY(ADD_MONTHS(LAST_DA                                                                                                                                 
--------------- --------------------------- ---------------------------                                                                                                                                 
Steven          17-JULY     -1987 FRIDAY    07-OCTOBER  -1987 WEDNESDAY                                                                                                                                 
Neena           21-SEPTEMBER-1989 THURSDAY  06-DECEMBER -1989 WEDNESDAY                                                                                                                                 
Lex             13-JANUARY  -1993 WEDNESDAY 07-APRIL    -1993 WEDNESDAY                                                                                                                                 
Alexander       03-JANUARY  -1990 WEDNESDAY 11-APRIL    -1990 WEDNESDAY                                                                                                                                 
Bruce           21-MAY      -1991 TUESDAY   07-AUGUST   -1991 WEDNESDAY                                                                                                                                 
Diana           07-FEBRUARY -1999 SUNDAY    12-MAY      -1999 WEDNESDAY                                                                                                                                 
Kevin           16-NOVEMBER -1999 TUESDAY   09-FEBRUARY -2000 WEDNESDAY                                                                                                                                 
Trenna          17-OCTOBER  -1995 TUESDAY   10-JANUARY  -1996 WEDNESDAY                                                                                                                                 
Curtis          29-JANUARY  -1997 WEDNESDAY 09-APRIL    -1997 WEDNESDAY                                                                                                                                 
Randall         15-MARCH    -1998 SUNDAY    10-JUNE     -1998 WEDNESDAY                                                                                                                                 
Peter           09-JULY     -1998 THURSDAY  07-OCTOBER  -1998 WEDNESDAY                                                                                                                                 
Eleni           29-JANUARY  -2000 SATURDAY  05-APRIL    -2000 WEDNESDAY                                                                                                                                 
Ellen           11-MAY      -1996 SATURDAY  07-AUGUST   -1996 WEDNESDAY                                                                                                                                 
Jonathon        24-MARCH    -1998 TUESDAY   10-JUNE     -1998 WEDNESDAY                                                                                                                                 
Kimerely        24-MAY      -1999 MONDAY    11-AUGUST   -1999 WEDNESDAY                                                                                                                                 
Jennifer        17-SEPTEMBER-1987 THURSDAY  09-DECEMBER -1987 WEDNESDAY                                                                                                                                 
Michael         17-FEBRUARY -1996 SATURDAY  08-MAY      -1996 WEDNESDAY                                                                                                                                 
Pat             17-AUGUST   -1997 SUNDAY    05-NOVEMBER -1997 WEDNESDAY                                                                                                                                 
Shelley         07-JUNE     -1994 TUESDAY   07-SEPTEMBER-1994 WEDNESDAY                                                                                                                                 
William         07-JUNE     -1994 TUESDAY   07-SEPTEMBER-1994 WEDNESDAY                                                                                                                                 

20 rows selected.

SQL> SELECT FIRST_NAME,HIRE_DATE,NEXT_DAY(ADD_MONTHS(LAST_DAY(HIRE_DATE),5),'WED')+7 FROM EMPLOYEES;

FIRST_NAME      HIRE_DATE                   NEXT_DAY(ADD_MONTHS(LAST_DA                                                                                                                                 
--------------- --------------------------- ---------------------------                                                                                                                                 
Steven          17-JULY     -1987 FRIDAY    13-JANUARY  -1988 WEDNESDAY                                                                                                                                 
Neena           21-SEPTEMBER-1989 THURSDAY  14-MARCH    -1990 WEDNESDAY                                                                                                                                 
Lex             13-JANUARY  -1993 WEDNESDAY 14-JULY     -1993 WEDNESDAY                                                                                                                                 
Alexander       03-JANUARY  -1990 WEDNESDAY 11-JULY     -1990 WEDNESDAY                                                                                                                                 
Bruce           21-MAY      -1991 TUESDAY   13-NOVEMBER -1991 WEDNESDAY                                                                                                                                 
Diana           07-FEBRUARY -1999 SUNDAY    11-AUGUST   -1999 WEDNESDAY                                                                                                                                 
Kevin           16-NOVEMBER -1999 TUESDAY   10-MAY      -2000 WEDNESDAY                                                                                                                                 
Trenna          17-OCTOBER  -1995 TUESDAY   10-APRIL    -1996 WEDNESDAY                                                                                                                                 
Curtis          29-JANUARY  -1997 WEDNESDAY 09-JULY     -1997 WEDNESDAY                                                                                                                                 
Randall         15-MARCH    -1998 SUNDAY    09-SEPTEMBER-1998 WEDNESDAY                                                                                                                                 
Peter           09-JULY     -1998 THURSDAY  13-JANUARY  -1999 WEDNESDAY                                                                                                                                 
Eleni           29-JANUARY  -2000 SATURDAY  12-JULY     -2000 WEDNESDAY                                                                                                                                 
Ellen           11-MAY      -1996 SATURDAY  13-NOVEMBER -1996 WEDNESDAY                                                                                                                                 
Jonathon        24-MARCH    -1998 TUESDAY   09-SEPTEMBER-1998 WEDNESDAY                                                                                                                                 
Kimerely        24-MAY      -1999 MONDAY    10-NOVEMBER -1999 WEDNESDAY                                                                                                                                 
Jennifer        17-SEPTEMBER-1987 THURSDAY  09-MARCH    -1988 WEDNESDAY                                                                                                                                 
Michael         17-FEBRUARY -1996 SATURDAY  14-AUGUST   -1996 WEDNESDAY                                                                                                                                 
Pat             17-AUGUST   -1997 SUNDAY    11-FEBRUARY -1998 WEDNESDAY                                                                                                                                 
Shelley         07-JUNE     -1994 TUESDAY   14-DECEMBER -1994 WEDNESDAY                                                                                                                                 
William         07-JUNE     -1994 TUESDAY   14-DECEMBER -1994 WEDNESDAY                                                                                                                                 

20 rows selected.

SQL> REM COMPANY PAYS SALARY ON 3rd Thursday OF NEXT MONTH
SQL> 
SQL> REM FIND 4th SALARY DATE
SQL> 
SQL> SELECT HIRE_DATE , NEXT_DAY( LAST_DAY(ADD_MONTHS(HIRE_DATE,3))+21,'THU') FROM EMPLOYEES;

HIRE_DATE                   NEXT_DAY(LAST_DAY(ADD_MONTH                                                                                                                                                 
--------------------------- ---------------------------                                                                                                                                                 
17-JULY     -1987 FRIDAY    26-NOVEMBER -1987 THURSDAY                                                                                                                                                  
21-SEPTEMBER-1989 THURSDAY  25-JANUARY  -1990 THURSDAY                                                                                                                                                  
13-JANUARY  -1993 WEDNESDAY 27-MAY      -1993 THURSDAY                                                                                                                                                  
03-JANUARY  -1990 WEDNESDAY 24-MAY      -1990 THURSDAY                                                                                                                                                  
21-MAY      -1991 TUESDAY   26-SEPTEMBER-1991 THURSDAY                                                                                                                                                  
07-FEBRUARY -1999 SUNDAY    24-JUNE     -1999 THURSDAY                                                                                                                                                  
16-NOVEMBER -1999 TUESDAY   23-MARCH    -2000 THURSDAY                                                                                                                                                  
17-OCTOBER  -1995 TUESDAY   22-FEBRUARY -1996 THURSDAY                                                                                                                                                  
29-JANUARY  -1997 WEDNESDAY 22-MAY      -1997 THURSDAY                                                                                                                                                  
15-MARCH    -1998 SUNDAY    23-JULY     -1998 THURSDAY                                                                                                                                                  
09-JULY     -1998 THURSDAY  26-NOVEMBER -1998 THURSDAY                                                                                                                                                  
29-JANUARY  -2000 SATURDAY  25-MAY      -2000 THURSDAY                                                                                                                                                  
11-MAY      -1996 SATURDAY  26-SEPTEMBER-1996 THURSDAY                                                                                                                                                  
24-MARCH    -1998 TUESDAY   23-JULY     -1998 THURSDAY                                                                                                                                                  
24-MAY      -1999 MONDAY    23-SEPTEMBER-1999 THURSDAY                                                                                                                                                  
17-SEPTEMBER-1987 THURSDAY  28-JANUARY  -1988 THURSDAY                                                                                                                                                  
17-FEBRUARY -1996 SATURDAY  27-JUNE     -1996 THURSDAY                                                                                                                                                  
17-AUGUST   -1997 SUNDAY    25-DECEMBER -1997 THURSDAY                                                                                                                                                  
07-JUNE     -1994 TUESDAY   27-OCTOBER  -1994 THURSDAY                                                                                                                                                  
07-JUNE     -1994 TUESDAY   27-OCTOBER  -1994 THURSDAY                                                                                                                                                  

20 rows selected.

SQL> SELECT HIRE_DATE , NEXT_DAY(ADD_MONTHS(LAST_DAY(HIRE_DATE),3),'THU') + 14 SD FROM EMPLOYEES;

HIRE_DATE                   SD                                                                                                                                                                          
--------------------------- ---------------------------                                                                                                                                                 
17-JULY     -1987 FRIDAY    19-NOVEMBER -1987 THURSDAY                                                                                                                                                  
21-SEPTEMBER-1989 THURSDAY  18-JANUARY  -1990 THURSDAY                                                                                                                                                  
13-JANUARY  -1993 WEDNESDAY 20-MAY      -1993 THURSDAY                                                                                                                                                  
03-JANUARY  -1990 WEDNESDAY 17-MAY      -1990 THURSDAY                                                                                                                                                  
21-MAY      -1991 TUESDAY   19-SEPTEMBER-1991 THURSDAY                                                                                                                                                  
07-FEBRUARY -1999 SUNDAY    17-JUNE     -1999 THURSDAY                                                                                                                                                  
16-NOVEMBER -1999 TUESDAY   16-MARCH    -2000 THURSDAY                                                                                                                                                  
17-OCTOBER  -1995 TUESDAY   15-FEBRUARY -1996 THURSDAY                                                                                                                                                  
29-JANUARY  -1997 WEDNESDAY 15-MAY      -1997 THURSDAY                                                                                                                                                  
15-MARCH    -1998 SUNDAY    16-JULY     -1998 THURSDAY                                                                                                                                                  
09-JULY     -1998 THURSDAY  19-NOVEMBER -1998 THURSDAY                                                                                                                                                  
29-JANUARY  -2000 SATURDAY  18-MAY      -2000 THURSDAY                                                                                                                                                  
11-MAY      -1996 SATURDAY  19-SEPTEMBER-1996 THURSDAY                                                                                                                                                  
24-MARCH    -1998 TUESDAY   16-JULY     -1998 THURSDAY                                                                                                                                                  
24-MAY      -1999 MONDAY    16-SEPTEMBER-1999 THURSDAY                                                                                                                                                  
17-SEPTEMBER-1987 THURSDAY  21-JANUARY  -1988 THURSDAY                                                                                                                                                  
17-FEBRUARY -1996 SATURDAY  20-JUNE     -1996 THURSDAY                                                                                                                                                  
17-AUGUST   -1997 SUNDAY    18-DECEMBER -1997 THURSDAY                                                                                                                                                  
07-JUNE     -1994 TUESDAY   20-OCTOBER  -1994 THURSDAY                                                                                                                                                  
07-JUNE     -1994 TUESDAY   20-OCTOBER  -1994 THURSDAY                                                                                                                                                  

20 rows selected.

SQL> SELECT FIRST_NAME,HIRE_DATE,NEXT_DAY(ADD_MONTHS(LAST_DAY(HIRE_DATE),3),'THU') +14 FROM EMPLOYEES;

FIRST_NAME      HIRE_DATE                   NEXT_DAY(ADD_MONTHS(LAST_DA                                                                                                                                 
--------------- --------------------------- ---------------------------                                                                                                                                 
Steven          17-JULY     -1987 FRIDAY    19-NOVEMBER -1987 THURSDAY                                                                                                                                  
Neena           21-SEPTEMBER-1989 THURSDAY  18-JANUARY  -1990 THURSDAY                                                                                                                                  
Lex             13-JANUARY  -1993 WEDNESDAY 20-MAY      -1993 THURSDAY                                                                                                                                  
Alexander       03-JANUARY  -1990 WEDNESDAY 17-MAY      -1990 THURSDAY                                                                                                                                  
Bruce           21-MAY      -1991 TUESDAY   19-SEPTEMBER-1991 THURSDAY                                                                                                                                  
Diana           07-FEBRUARY -1999 SUNDAY    17-JUNE     -1999 THURSDAY                                                                                                                                  
Kevin           16-NOVEMBER -1999 TUESDAY   16-MARCH    -2000 THURSDAY                                                                                                                                  
Trenna          17-OCTOBER  -1995 TUESDAY   15-FEBRUARY -1996 THURSDAY                                                                                                                                  
Curtis          29-JANUARY  -1997 WEDNESDAY 15-MAY      -1997 THURSDAY                                                                                                                                  
Randall         15-MARCH    -1998 SUNDAY    16-JULY     -1998 THURSDAY                                                                                                                                  
Peter           09-JULY     -1998 THURSDAY  19-NOVEMBER -1998 THURSDAY                                                                                                                                  
Eleni           29-JANUARY  -2000 SATURDAY  18-MAY      -2000 THURSDAY                                                                                                                                  
Ellen           11-MAY      -1996 SATURDAY  19-SEPTEMBER-1996 THURSDAY                                                                                                                                  
Jonathon        24-MARCH    -1998 TUESDAY   16-JULY     -1998 THURSDAY                                                                                                                                  
Kimerely        24-MAY      -1999 MONDAY    16-SEPTEMBER-1999 THURSDAY                                                                                                                                  
Jennifer        17-SEPTEMBER-1987 THURSDAY  21-JANUARY  -1988 THURSDAY                                                                                                                                  
Michael         17-FEBRUARY -1996 SATURDAY  20-JUNE     -1996 THURSDAY                                                                                                                                  
Pat             17-AUGUST   -1997 SUNDAY    18-DECEMBER -1997 THURSDAY                                                                                                                                  
Shelley         07-JUNE     -1994 TUESDAY   20-OCTOBER  -1994 THURSDAY                                                                                                                                  
William         07-JUNE     -1994 TUESDAY   20-OCTOBER  -1994 THURSDAY                                                                                                                                  

20 rows selected.

SQL> REM COMPANY PAYS WEEKLY ON EVERY MONDAY
SQL> 
SQL> REM FIND NEXT SALARY DATE
SQL> 
SQL> REM HIRE_DATE : FIRST SALARY DATE , SECOND .. THIRD SALARY ...
SQL> 
SQL> REM SYSDATE : NEXT SALARY DATE , PREVIOUS SALARY ....
SQL> 
SQL> 
SQL> REM SYSDATE : NEXT SALARY DATE , PREVIOUS SALARY .... , LAST SALARY DATE
SQL> 
SQL> SELECT SYSDATE , NEXT_DAY(SYSDATE,'MON') FROM DUAL;

SYSDATE                     NEXT_DAY(SYSDATE,'MON')                                                                                                                                                     
--------------------------- ---------------------------                                                                                                                                                 
08-APRIL    -2022 FRIDAY    11-APRIL    -2022 MONDAY                                                                                                                                                    

SQL> REM COMPANY PAYS WEEKLY ON EVERY MONDAY
SQL> 
SQL> REM FIND LAST/PREVIOUS SALARY DATE
SQL> 
SQL> SELECT HIRE_DATE, NEXT_DAY(SYSDATE,'MON') - 7 DS FROM EMPLOYEES;

HIRE_DATE                   DS                                                                                                                                                                          
--------------------------- ---------------------------                                                                                                                                                 
17-JULY     -1987 FRIDAY    04-APRIL    -2022 MONDAY                                                                                                                                                    
21-SEPTEMBER-1989 THURSDAY  04-APRIL    -2022 MONDAY                                                                                                                                                    
13-JANUARY  -1993 WEDNESDAY 04-APRIL    -2022 MONDAY                                                                                                                                                    
03-JANUARY  -1990 WEDNESDAY 04-APRIL    -2022 MONDAY                                                                                                                                                    
21-MAY      -1991 TUESDAY   04-APRIL    -2022 MONDAY                                                                                                                                                    
07-FEBRUARY -1999 SUNDAY    04-APRIL    -2022 MONDAY                                                                                                                                                    
16-NOVEMBER -1999 TUESDAY   04-APRIL    -2022 MONDAY                                                                                                                                                    
17-OCTOBER  -1995 TUESDAY   04-APRIL    -2022 MONDAY                                                                                                                                                    
29-JANUARY  -1997 WEDNESDAY 04-APRIL    -2022 MONDAY                                                                                                                                                    
15-MARCH    -1998 SUNDAY    04-APRIL    -2022 MONDAY                                                                                                                                                    
09-JULY     -1998 THURSDAY  04-APRIL    -2022 MONDAY                                                                                                                                                    
29-JANUARY  -2000 SATURDAY  04-APRIL    -2022 MONDAY                                                                                                                                                    
11-MAY      -1996 SATURDAY  04-APRIL    -2022 MONDAY                                                                                                                                                    
24-MARCH    -1998 TUESDAY   04-APRIL    -2022 MONDAY                                                                                                                                                    
24-MAY      -1999 MONDAY    04-APRIL    -2022 MONDAY                                                                                                                                                    
17-SEPTEMBER-1987 THURSDAY  04-APRIL    -2022 MONDAY                                                                                                                                                    
17-FEBRUARY -1996 SATURDAY  04-APRIL    -2022 MONDAY                                                                                                                                                    
17-AUGUST   -1997 SUNDAY    04-APRIL    -2022 MONDAY                                                                                                                                                    
07-JUNE     -1994 TUESDAY   04-APRIL    -2022 MONDAY                                                                                                                                                    
07-JUNE     -1994 TUESDAY   04-APRIL    -2022 MONDAY                                                                                                                                                    

20 rows selected.

SQL> REM COMPANY PAYS ON 7th DATE OF NEXT MONTH
SQL> 
SQL> REM FIND 3rd SALARY DATE
SQL> 
SQL> SELECT HIRE_DATE , LAST_DAY(ADD_MONTHS(HIRE_DATE,2))+7 FROM EMPLOYEES;

HIRE_DATE                   LAST_DAY(ADD_MONTHS(HIRE_DA                                                                                                                                                 
--------------------------- ---------------------------                                                                                                                                                 
17-JULY     -1987 FRIDAY    07-OCTOBER  -1987 WEDNESDAY                                                                                                                                                 
21-SEPTEMBER-1989 THURSDAY  07-DECEMBER -1989 THURSDAY                                                                                                                                                  
13-JANUARY  -1993 WEDNESDAY 07-APRIL    -1993 WEDNESDAY                                                                                                                                                 
03-JANUARY  -1990 WEDNESDAY 07-APRIL    -1990 SATURDAY                                                                                                                                                  
21-MAY      -1991 TUESDAY   07-AUGUST   -1991 WEDNESDAY                                                                                                                                                 
07-FEBRUARY -1999 SUNDAY    07-MAY      -1999 FRIDAY                                                                                                                                                    
16-NOVEMBER -1999 TUESDAY   07-FEBRUARY -2000 MONDAY                                                                                                                                                    
17-OCTOBER  -1995 TUESDAY   07-JANUARY  -1996 SUNDAY                                                                                                                                                    
29-JANUARY  -1997 WEDNESDAY 07-APRIL    -1997 MONDAY                                                                                                                                                    
15-MARCH    -1998 SUNDAY    07-JUNE     -1998 SUNDAY                                                                                                                                                    
09-JULY     -1998 THURSDAY  07-OCTOBER  -1998 WEDNESDAY                                                                                                                                                 
29-JANUARY  -2000 SATURDAY  07-APRIL    -2000 FRIDAY                                                                                                                                                    
11-MAY      -1996 SATURDAY  07-AUGUST   -1996 WEDNESDAY                                                                                                                                                 
24-MARCH    -1998 TUESDAY   07-JUNE     -1998 SUNDAY                                                                                                                                                    
24-MAY      -1999 MONDAY    07-AUGUST   -1999 SATURDAY                                                                                                                                                  
17-SEPTEMBER-1987 THURSDAY  07-DECEMBER -1987 MONDAY                                                                                                                                                    
17-FEBRUARY -1996 SATURDAY  07-MAY      -1996 TUESDAY                                                                                                                                                   
17-AUGUST   -1997 SUNDAY    07-NOVEMBER -1997 FRIDAY                                                                                                                                                    
07-JUNE     -1994 TUESDAY   07-SEPTEMBER-1994 WEDNESDAY                                                                                                                                                 
07-JUNE     -1994 TUESDAY   07-SEPTEMBER-1994 WEDNESDAY                                                                                                                                                 

20 rows selected.

SQL> SELECT HIRE_DATE,ADD_MONTHS(LAST_DAY(HIRE_DATE),2)+ 7 FROM EMPLOYEES;

HIRE_DATE                   ADD_MONTHS(LAST_DAY(HIRE_DA                                                                                                                                                 
--------------------------- ---------------------------                                                                                                                                                 
17-JULY     -1987 FRIDAY    07-OCTOBER  -1987 WEDNESDAY                                                                                                                                                 
21-SEPTEMBER-1989 THURSDAY  07-DECEMBER -1989 THURSDAY                                                                                                                                                  
13-JANUARY  -1993 WEDNESDAY 07-APRIL    -1993 WEDNESDAY                                                                                                                                                 
03-JANUARY  -1990 WEDNESDAY 07-APRIL    -1990 SATURDAY                                                                                                                                                  
21-MAY      -1991 TUESDAY   07-AUGUST   -1991 WEDNESDAY                                                                                                                                                 
07-FEBRUARY -1999 SUNDAY    07-MAY      -1999 FRIDAY                                                                                                                                                    
16-NOVEMBER -1999 TUESDAY   07-FEBRUARY -2000 MONDAY                                                                                                                                                    
17-OCTOBER  -1995 TUESDAY   07-JANUARY  -1996 SUNDAY                                                                                                                                                    
29-JANUARY  -1997 WEDNESDAY 07-APRIL    -1997 MONDAY                                                                                                                                                    
15-MARCH    -1998 SUNDAY    07-JUNE     -1998 SUNDAY                                                                                                                                                    
09-JULY     -1998 THURSDAY  07-OCTOBER  -1998 WEDNESDAY                                                                                                                                                 
29-JANUARY  -2000 SATURDAY  07-APRIL    -2000 FRIDAY                                                                                                                                                    
11-MAY      -1996 SATURDAY  07-AUGUST   -1996 WEDNESDAY                                                                                                                                                 
24-MARCH    -1998 TUESDAY   07-JUNE     -1998 SUNDAY                                                                                                                                                    
24-MAY      -1999 MONDAY    07-AUGUST   -1999 SATURDAY                                                                                                                                                  
17-SEPTEMBER-1987 THURSDAY  07-DECEMBER -1987 MONDAY                                                                                                                                                    
17-FEBRUARY -1996 SATURDAY  07-MAY      -1996 TUESDAY                                                                                                                                                   
17-AUGUST   -1997 SUNDAY    07-NOVEMBER -1997 FRIDAY                                                                                                                                                    
07-JUNE     -1994 TUESDAY   07-SEPTEMBER-1994 WEDNESDAY                                                                                                                                                 
07-JUNE     -1994 TUESDAY   07-SEPTEMBER-1994 WEDNESDAY                                                                                                                                                 

20 rows selected.

SQL> SELECT HIRE_DATE, ADD_MONTHS(LAST_DAY(HIRE_DATE),2) + 7 FROM EMPLOYEES;

HIRE_DATE                   ADD_MONTHS(LAST_DAY(HIRE_DA                                                                                                                                                 
--------------------------- ---------------------------                                                                                                                                                 
17-JULY     -1987 FRIDAY    07-OCTOBER  -1987 WEDNESDAY                                                                                                                                                 
21-SEPTEMBER-1989 THURSDAY  07-DECEMBER -1989 THURSDAY                                                                                                                                                  
13-JANUARY  -1993 WEDNESDAY 07-APRIL    -1993 WEDNESDAY                                                                                                                                                 
03-JANUARY  -1990 WEDNESDAY 07-APRIL    -1990 SATURDAY                                                                                                                                                  
21-MAY      -1991 TUESDAY   07-AUGUST   -1991 WEDNESDAY                                                                                                                                                 
07-FEBRUARY -1999 SUNDAY    07-MAY      -1999 FRIDAY                                                                                                                                                    
16-NOVEMBER -1999 TUESDAY   07-FEBRUARY -2000 MONDAY                                                                                                                                                    
17-OCTOBER  -1995 TUESDAY   07-JANUARY  -1996 SUNDAY                                                                                                                                                    
29-JANUARY  -1997 WEDNESDAY 07-APRIL    -1997 MONDAY                                                                                                                                                    
15-MARCH    -1998 SUNDAY    07-JUNE     -1998 SUNDAY                                                                                                                                                    
09-JULY     -1998 THURSDAY  07-OCTOBER  -1998 WEDNESDAY                                                                                                                                                 
29-JANUARY  -2000 SATURDAY  07-APRIL    -2000 FRIDAY                                                                                                                                                    
11-MAY      -1996 SATURDAY  07-AUGUST   -1996 WEDNESDAY                                                                                                                                                 
24-MARCH    -1998 TUESDAY   07-JUNE     -1998 SUNDAY                                                                                                                                                    
24-MAY      -1999 MONDAY    07-AUGUST   -1999 SATURDAY                                                                                                                                                  
17-SEPTEMBER-1987 THURSDAY  07-DECEMBER -1987 MONDAY                                                                                                                                                    
17-FEBRUARY -1996 SATURDAY  07-MAY      -1996 TUESDAY                                                                                                                                                   
17-AUGUST   -1997 SUNDAY    07-NOVEMBER -1997 FRIDAY                                                                                                                                                    
07-JUNE     -1994 TUESDAY   07-SEPTEMBER-1994 WEDNESDAY                                                                                                                                                 
07-JUNE     -1994 TUESDAY   07-SEPTEMBER-1994 WEDNESDAY                                                                                                                                                 

20 rows selected.

SQL> SPOOL OFF
